// Jest Snapshot v1, https://goo.gl/fbAQLP

exports[`Title matches snapshot 1`] = `
<div>
  <h1
    class="title lg"
  >
    Hello
  </h1>
</div>
`;
