// Jest Snapshot v1, https://goo.gl/fbAQLP

exports[`Description matches snapshot 1`] = `
<div>
  <p
    class="description md default"
  >
    Hello
  </p>
</div>
`;

exports[`Description should match snapshot 1`] = `
<div>
  <p
    class="description md default"
  >
    Hello
  </p>
</div>
`;
