// Jest Snapshot v1, https://goo.gl/fbAQLP

exports[`UserDetails matches snapshot 1`] = `
<div>
  <div
    class="container"
  >
    <header
      class="header"
    >
      <div
        class="avatar"
        data-testid="avatar"
      >
        <svg
          class="lucide lucide-user"
          fill="none"
          height="32"
          stroke="currentColor"
          stroke-linecap="round"
          stroke-linejoin="round"
          stroke-width="2"
          viewBox="0 0 24 24"
          width="32"
          xmlns="http://www.w3.org/2000/svg"
        >
          <path
            d="M19 21v-2a4 4 0 0 0-4-4H9a4 4 0 0 0-4 4v2"
          />
          <circle
            cx="12"
            cy="7"
            r="4"
          />
        </svg>
      </div>
      <div>
        <h1
          class="title lg"
        >
          John Doe
        </h1>
        <p
          class="description md muted"
        >
          @
          johndoe
        </p>
      </div>
    </header>
    <div
      class="infoGrid"
    >
      <div
        class="infoItem"
      >
        <svg
          class="lucide lucide-mail icon"
          fill="none"
          height="24"
          stroke="currentColor"
          stroke-linecap="round"
          stroke-linejoin="round"
          stroke-width="2"
          viewBox="0 0 24 24"
          width="24"
          xmlns="http://www.w3.org/2000/svg"
        >
          <rect
            height="16"
            rx="2"
            width="20"
            x="2"
            y="4"
          />
          <path
            d="m22 7-8.97 5.7a1.94 1.94 0 0 1-2.06 0L2 7"
          />
        </svg>
        <a
          class="value"
          href="mailto:john@example.com"
        >
          john@example.com
        </a>
      </div>
      <div
        class="infoItem"
      >
        <svg
          class="lucide lucide-phone icon"
          fill="none"
          height="24"
          stroke="currentColor"
          stroke-linecap="round"
          stroke-linejoin="round"
          stroke-width="2"
          viewBox="0 0 24 24"
          width="24"
          xmlns="http://www.w3.org/2000/svg"
        >
          <path
            d="M22 16.92v3a2 2 0 0 1-2.18 2 19.79 19.79 0 0 1-8.63-3.07 19.5 19.5 0 0 1-6-6 19.79 19.79 0 0 1-3.07-8.67A2 2 0 0 1 4.11 2h3a2 2 0 0 1 2 1.72 12.84 12.84 0 0 0 .7 2.81 2 2 0 0 1-.45 2.11L8.09 9.91a16 16 0 0 0 6 6l1.27-1.27a2 2 0 0 1 2.11-.45 12.84 12.84 0 0 0 2.81.7A2 2 0 0 1 22 16.92z"
          />
        </svg>
        <a
          class="value"
          href="tel:555-1234"
        >
          555-1234
        </a>
      </div>
      <div
        class="infoItem"
      >
        <svg
          class="lucide lucide-map-pin icon"
          fill="none"
          height="24"
          stroke="currentColor"
          stroke-linecap="round"
          stroke-linejoin="round"
          stroke-width="2"
          viewBox="0 0 24 24"
          width="24"
          xmlns="http://www.w3.org/2000/svg"
        >
          <path
            d="M20 10c0 4.993-5.539 10.193-7.399 11.799a1 1 0 0 1-1.202 0C9.539 20.193 4 14.993 4 10a8 8 0 0 1 16 0"
          />
          <circle
            cx="12"
            cy="10"
            r="3"
          />
        </svg>
        <p
          class="description lg default disableGutter"
        >
          123 Main St
          , 
          Apt 4
           
          New York
          ,
           
          10001
        </p>
      </div>
      <div
        class="infoItem"
      >
        <svg
          class="lucide lucide-globe icon"
          fill="none"
          height="24"
          stroke="currentColor"
          stroke-linecap="round"
          stroke-linejoin="round"
          stroke-width="2"
          viewBox="0 0 24 24"
          width="24"
          xmlns="http://www.w3.org/2000/svg"
        >
          <circle
            cx="12"
            cy="12"
            r="10"
          />
          <path
            d="M12 2a14.5 14.5 0 0 0 0 20 14.5 14.5 0 0 0 0-20"
          />
          <path
            d="M2 12h20"
          />
        </svg>
        <a
          class="value"
          href="https://example.com"
          rel="noopener noreferrer"
          target="_blank"
        >
          example.com
        </a>
      </div>
      <div
        class="infoItem"
      >
        <svg
          class="lucide lucide-briefcase icon"
          fill="none"
          height="24"
          stroke="currentColor"
          stroke-linecap="round"
          stroke-linejoin="round"
          stroke-width="2"
          viewBox="0 0 24 24"
          width="24"
          xmlns="http://www.w3.org/2000/svg"
        >
          <path
            d="M16 20V4a2 2 0 0 0-2-2h-4a2 2 0 0 0-2 2v16"
          />
          <rect
            height="14"
            rx="2"
            width="20"
            x="2"
            y="6"
          />
        </svg>
        <div>
          <p
            class="description lg default disableGutter"
          >
            Example Corp
          </p>
          <p
            class="description md muted disableGutter"
          >
            Making examples since 2023
          </p>
          <p
            class="description md muted disableGutter"
          >
            innovative solutions
          </p>
        </div>
      </div>
    </div>
  </div>
</div>
`;

exports[`UserDetails should match snapshot 1`] = `
<div>
  <div
    class="container"
  >
    <header
      class="header"
    >
      <div
        class="avatar"
        data-testid="avatar"
      >
        <svg
          class="lucide lucide-user"
          fill="none"
          height="32"
          stroke="currentColor"
          stroke-linecap="round"
          stroke-linejoin="round"
          stroke-width="2"
          viewBox="0 0 24 24"
          width="32"
          xmlns="http://www.w3.org/2000/svg"
        >
          <path
            d="M19 21v-2a4 4 0 0 0-4-4H9a4 4 0 0 0-4 4v2"
          />
          <circle
            cx="12"
            cy="7"
            r="4"
          />
        </svg>
      </div>
      <div>
        <h1
          class="title lg"
        >
          John Doe
        </h1>
        <p
          class="description md muted"
        >
          @
          johndoe
        </p>
      </div>
    </header>
    <div
      class="infoGrid"
    >
      <div
        class="infoItem"
      >
        <svg
          class="lucide lucide-mail icon"
          fill="none"
          height="24"
          stroke="currentColor"
          stroke-linecap="round"
          stroke-linejoin="round"
          stroke-width="2"
          viewBox="0 0 24 24"
          width="24"
          xmlns="http://www.w3.org/2000/svg"
        >
          <rect
            height="16"
            rx="2"
            width="20"
            x="2"
            y="4"
          />
          <path
            d="m22 7-8.97 5.7a1.94 1.94 0 0 1-2.06 0L2 7"
          />
        </svg>
        <a
          class="value"
          href="mailto:john@example.com"
        >
          john@example.com
        </a>
      </div>
      <div
        class="infoItem"
      >
        <svg
          class="lucide lucide-phone icon"
          fill="none"
          height="24"
          stroke="currentColor"
          stroke-linecap="round"
          stroke-linejoin="round"
          stroke-width="2"
          viewBox="0 0 24 24"
          width="24"
          xmlns="http://www.w3.org/2000/svg"
        >
          <path
            d="M22 16.92v3a2 2 0 0 1-2.18 2 19.79 19.79 0 0 1-8.63-3.07 19.5 19.5 0 0 1-6-6 19.79 19.79 0 0 1-3.07-8.67A2 2 0 0 1 4.11 2h3a2 2 0 0 1 2 1.72 12.84 12.84 0 0 0 .7 2.81 2 2 0 0 1-.45 2.11L8.09 9.91a16 16 0 0 0 6 6l1.27-1.27a2 2 0 0 1 2.11-.45 12.84 12.84 0 0 0 2.81.7A2 2 0 0 1 22 16.92z"
          />
        </svg>
        <a
          class="value"
          href="tel:555-1234"
        >
          555-1234
        </a>
      </div>
      <div
        class="infoItem"
      >
        <svg
          class="lucide lucide-map-pin icon"
          fill="none"
          height="24"
          stroke="currentColor"
          stroke-linecap="round"
          stroke-linejoin="round"
          stroke-width="2"
          viewBox="0 0 24 24"
          width="24"
          xmlns="http://www.w3.org/2000/svg"
        >
          <path
            d="M20 10c0 4.993-5.539 10.193-7.399 11.799a1 1 0 0 1-1.202 0C9.539 20.193 4 14.993 4 10a8 8 0 0 1 16 0"
          />
          <circle
            cx="12"
            cy="10"
            r="3"
          />
        </svg>
        <p
          class="description lg default disableGutter"
        >
          123 Main St
          , 
          Apt 4
           
          New York
          ,
           
          10001
        </p>
      </div>
      <div
        class="infoItem"
      >
        <svg
          class="lucide lucide-globe icon"
          fill="none"
          height="24"
          stroke="currentColor"
          stroke-linecap="round"
          stroke-linejoin="round"
          stroke-width="2"
          viewBox="0 0 24 24"
          width="24"
          xmlns="http://www.w3.org/2000/svg"
        >
          <circle
            cx="12"
            cy="12"
            r="10"
          />
          <path
            d="M12 2a14.5 14.5 0 0 0 0 20 14.5 14.5 0 0 0 0-20"
          />
          <path
            d="M2 12h20"
          />
        </svg>
        <a
          class="value"
          href="https://example.com"
          rel="noopener noreferrer"
          target="_blank"
        >
          example.com
        </a>
      </div>
      <div
        class="infoItem"
      >
        <svg
          class="lucide lucide-briefcase icon"
          fill="none"
          height="24"
          stroke="currentColor"
          stroke-linecap="round"
          stroke-linejoin="round"
          stroke-width="2"
          viewBox="0 0 24 24"
          width="24"
          xmlns="http://www.w3.org/2000/svg"
        >
          <path
            d="M16 20V4a2 2 0 0 0-2-2h-4a2 2 0 0 0-2 2v16"
          />
          <rect
            height="14"
            rx="2"
            width="20"
            x="2"
            y="6"
          />
        </svg>
        <div>
          <p
            class="description lg default disableGutter"
          >
            Example Corp
          </p>
          <p
            class="description md muted disableGutter"
          >
            Making examples since 2023
          </p>
          <p
            class="description md muted disableGutter"
          >
            innovative solutions
          </p>
        </div>
      </div>
    </div>
  </div>
</div>
`;
